exports[`empty works 1`] = `
<div
  className="row">
  <div
    className="col-sm-10 col-sm-offset-1">
    <ul
      className="todo-list">
      <li
        className="todo-item">
        <input
          checked={false}
          onChange={[Function]}
          type="checkbox" />
           
        Buy milk
      </li>
    </ul>
  </div>
</div>
`;
